T6437894.java:16:12: compiler.err.doesnt.exist: a.A
1 error
