NoTargetOnTypeParameterDeclaration.java:43:11: compiler.err.annotation.type.not.applicable.to.type: NoTargetOnTypeParameterDeclaration.A
NoTargetOnTypeParameterDeclaration.java:44:6: compiler.err.annotation.type.not.applicable.to.type: NoTargetOnTypeParameterDeclaration.A
2 errors
