QualifiedAccess_1.java:26:7: compiler.err.not.def.public.cant.access: pack1.P1.P3, pack1.P1
QualifiedAccess_1.java:27:7: compiler.err.not.def.public.cant.access: pack1.P1.P3, pack1.P1
QualifiedAccess_1.java:28:7: compiler.err.not.def.public.cant.access: pack1.P1.P3, pack1.P1
QualifiedAccess_1.java:31:7: compiler.err.not.def.public.cant.access: pack1.P1.P3, pack1.P1
QualifiedAccess_1.java:32:7: compiler.err.not.def.public.cant.access: pack1.P1.P3, pack1.P1
QualifiedAccess_1.java:33:7: compiler.err.not.def.public.cant.access: pack1.P1.P3, pack1.P1
QualifiedAccess_1.java:36:16: compiler.err.not.def.public.cant.access: pack1.P1.P3, pack1.P1
QualifiedAccess_1.java:37:16: compiler.err.not.def.public.cant.access: pack1.P1.P3, pack1.P1
QualifiedAccess_1.java:38:16: compiler.err.not.def.public.cant.access: pack1.P1.P3, pack1.P1
QualifiedAccess_1.java:48:11: compiler.err.not.def.public.cant.access: pack1.P1.P3, pack1.P1
QualifiedAccess_1.java:49:11: compiler.err.not.def.public.cant.access: pack1.P1.P3, pack1.P1
QualifiedAccess_1.java:50:11: compiler.err.not.def.public.cant.access: pack1.P1.P3, pack1.P1
QualifiedAccess_1.java:61:25: compiler.err.not.def.public.cant.access: pack1.P1.P3, pack1.P1
QualifiedAccess_1.java:62:25: compiler.err.not.def.public.cant.access: pack1.P1.P3, pack1.P1
QualifiedAccess_1.java:63:26: compiler.err.not.def.public.cant.access: pack1.P1.P3, pack1.P1
QualifiedAccess_1.java:74:41: compiler.err.not.def.public.cant.access: pack1.P1.P3, pack1.P1
QualifiedAccess_1.java:75:41: compiler.err.not.def.public.cant.access: pack1.P1.P3, pack1.P1
QualifiedAccess_1.java:76:42: compiler.err.not.def.public.cant.access: pack1.P1.P3, pack1.P1
18 errors
