QualifiedAccess_2.java:42:22: compiler.err.report.access: A.B, private, A
QualifiedAccess_2.java:43:22: compiler.err.report.access: A.B, private, A
QualifiedAccess_2.java:47:15: compiler.err.not.def.public.cant.access: pack1.P1.Foo, pack1.P1
QualifiedAccess_2.java:54:29: compiler.err.report.access: Y.Quux.Quem, private, Y.Quux
QualifiedAccess_2.java:32:25: compiler.err.report.access: pack1.P1.R.S, private, pack1.P1.R
QualifiedAccess_2.java:56:25: compiler.err.report.access: Y.Quux.Quem, private, Y.Quux
6 errors
