ImportCanonicalSameName.java:14:12: compiler.err.import.requires.canonical: p2.A.I
1 error
