CastConversionMatch.java:13:26: compiler.err.preview.feature.disabled.plural: (compiler.misc.feature.primitive.patterns)
1 error
