SimpleDeconstructionPattern.java:119:27: compiler.err.feature.not.supported.in.source.plural: (compiler.misc.feature.deconstruction.patterns), 20, 21
1 error
