TestImportStar.java:17:8: compiler.err.doesnt.exist: xxx
1 error
