- compiler.note.proc.messager: RUNNING - lastRound = false
TestImportStar.java:17:8: compiler.err.doesnt.exist: xxx
- compiler.note.proc.messager: RUNNING - lastRound = true
1 error
