T6495506.java:13:28: compiler.err.report.access: a.A.P, private, a.A
1 error
