ReleaseOption.java:10:49: compiler.err.doesnt.exist: java.util.random
1 error
