EarlyIndirectOuterCapture.java:21:60: compiler.err.cant.ref.before.ctor.called: this
EarlyIndirectOuterCapture.java:21:82: compiler.err.cant.ref.before.ctor.called: this
2 errors
