InterfaceInInner.java:14:13: compiler.err.icls.cant.have.static.decl: foo
1 error
