LocalInterface.java:11:9: compiler.err.intf.not.allowed.here
1 error
