RestrictedMethods.java:16:44: compiler.warn.restricted.method: java.lang.foreign.MemorySegment, reinterpret(long)
RestrictedMethods.java:20:49: compiler.warn.restricted.method: java.lang.foreign.MemorySegment, reinterpret(long)
RestrictedMethods.java:26:27: compiler.warn.restricted.method: java.lang.foreign.MemorySegment, reinterpret(long)
RestrictedMethods.java:35:16: compiler.warn.restricted.method: java.lang.foreign.MemorySegment, reinterpret(long)
- compiler.err.warnings.and.werror
1 error
4 warnings
