T6227617.java:15:18: compiler.warn.redundant.cast: int
T6227617.java:20:20: compiler.warn.redundant.cast: java.lang.String
T6227617.java:24:22: compiler.warn.redundant.cast: java.lang.Integer
T6227617.java:34:27: compiler.warn.redundant.cast: int
T6227617.java:37:29: compiler.warn.redundant.cast: java.lang.String
5 warnings
