T6554097.java:14:42: compiler.warn.raw.class.use: java.util.ArrayList, java.util.ArrayList<E>
T6554097.java:14:65: compiler.warn.raw.class.use: java.util.ArrayList, java.util.ArrayList<E>
T6554097.java:15:42: compiler.warn.raw.class.use: java.util.ArrayList, java.util.ArrayList<E>
T6554097.java:15:65: compiler.warn.raw.class.use: java.util.ArrayList, java.util.ArrayList<E>
T6554097.java:18:50: compiler.warn.raw.class.use: java.util.ArrayList, java.util.ArrayList<E>
T6554097.java:18:73: compiler.warn.raw.class.use: java.util.ArrayList, java.util.ArrayList<E>
T6554097.java:19:50: compiler.warn.raw.class.use: java.util.ArrayList, java.util.ArrayList<E>
T6554097.java:19:73: compiler.warn.raw.class.use: java.util.ArrayList, java.util.ArrayList<E>
T6554097.java:22:11: compiler.warn.raw.class.use: java.util.ArrayList, java.util.ArrayList<E>
T6554097.java:22:34: compiler.warn.raw.class.use: java.util.ArrayList, java.util.ArrayList<E>
T6554097.java:23:11: compiler.warn.raw.class.use: java.util.ArrayList, java.util.ArrayList<E>
T6554097.java:23:34: compiler.warn.raw.class.use: java.util.ArrayList, java.util.ArrayList<E>
T6554097.java:26:15: compiler.warn.raw.class.use: java.util.ArrayList, java.util.ArrayList<E>
T6554097.java:26:38: compiler.warn.raw.class.use: java.util.ArrayList, java.util.ArrayList<E>
T6554097.java:27:15: compiler.warn.raw.class.use: java.util.ArrayList, java.util.ArrayList<E>
T6554097.java:27:38: compiler.warn.raw.class.use: java.util.ArrayList, java.util.ArrayList<E>
- compiler.err.warnings.and.werror
1 error
16 warnings
