T6794959.java:14:5: compiler.err.cant.resolve.location: kindname.class, String, , , (compiler.misc.location: kindname.class, T6794959, null)
1 error
