T8337976.java:8:5: compiler.err.statement.not.expected
T8337976.java:9:15: compiler.err.expected: token.identifier
T8337976.java:10:5: compiler.err.cant.resolve.location: kindname.class, undefined, , , (compiler.misc.location: kindname.class, T8337976, null)
3 errors
