T6264029.java:16:41: compiler.warn.unchecked.call.mbr.of.raw.type: T6264029A(K), T6264029A
1 warning
