DeprecatedYES.java:13:10: compiler.warn.missing.deprecated.annotation
- compiler.err.warnings.and.werror
DeprecatedYES.java:19:10: compiler.warn.has.been.deprecated: foo(), A
1 error
2 warnings
