BadTypeReference.java:16:9: compiler.err.illegal.ref.to.restricted.type: var
BadTypeReference.java:17:21: compiler.err.illegal.ref.to.restricted.type: var
2 errors
