TwrForVariable1.java:14:15: compiler.err.feature.not.supported.in.source.plural: (compiler.misc.feature.var.in.try.with.resources), 8, 9
1 error
