BrokenTypeAnnoContainer.java:14:20: compiler.err.duplicate.annotation.invalid.repeated: T
1 error
