DanglingDocCommentsClass_Line.java:12:1: compiler.warn.dangling.doc.comment
DanglingDocCommentsClass_Line.java:16:1: compiler.warn.dangling.doc.comment
DanglingDocCommentsClass_Line.java:18:5: compiler.warn.dangling.doc.comment
DanglingDocCommentsClass_Line.java:20:9: compiler.warn.dangling.doc.comment
DanglingDocCommentsClass_Line.java:22:5: compiler.warn.dangling.doc.comment
DanglingDocCommentsClass_Line.java:27:5: compiler.warn.dangling.doc.comment
6 warnings
