DanglingDocCommentsClass.java:11:1: compiler.warn.dangling.doc.comment
DanglingDocCommentsClass.java:14:1: compiler.warn.dangling.doc.comment
DanglingDocCommentsClass.java:15:8: compiler.warn.dangling.doc.comment
DanglingDocCommentsClass.java:15:69: compiler.warn.dangling.doc.comment
DanglingDocCommentsClass.java:16:5: compiler.warn.dangling.doc.comment
DanglingDocCommentsClass.java:20:5: compiler.warn.dangling.doc.comment
6 warnings
