DanglingDocCommentsEnum.java:11:1: compiler.warn.dangling.doc.comment
DanglingDocCommentsEnum.java:14:1: compiler.warn.dangling.doc.comment
DanglingDocCommentsEnum.java:15:8: compiler.warn.dangling.doc.comment
DanglingDocCommentsEnum.java:15:67: compiler.warn.dangling.doc.comment
DanglingDocCommentsEnum.java:17:5: compiler.warn.dangling.doc.comment
DanglingDocCommentsEnum.java:23:5: compiler.warn.dangling.doc.comment
DanglingDocCommentsEnum.java:29:5: compiler.warn.dangling.doc.comment
7 warnings
