DanglingDocCommentsClass_Mixed.java:14:1: compiler.warn.dangling.doc.comment
DanglingDocCommentsClass_Mixed.java:18:5: compiler.warn.dangling.doc.comment
DanglingDocCommentsClass_Mixed.java:22:5: compiler.warn.dangling.doc.comment
3 warnings
