LambdaInAnnotationsCausesNPETest3.java:11:51: compiler.err.expression.not.allowable.as.annotation.value
1 error
