LambdaInAnnotationsCausesNPETest1.java:11:15: compiler.err.expression.not.allowable.as.annotation.value
1 error
