NestedEnum.java:14:9: compiler.err.static.declaration.not.allowed.in.inner.classes
1 error
