T5081785.java:31:9: compiler.err.static.declaration.not.allowed.in.inner.classes
T5081785.java:14:13: compiler.err.static.declaration.not.allowed.in.inner.classes
T5081785.java:21:27: compiler.err.static.declaration.not.allowed.in.inner.classes
T5081785.java:26:31: compiler.err.static.declaration.not.allowed.in.inner.classes
4 errors
