SwitchStatementArrow.java:42:20: compiler.err.feature.not.supported.in.source.plural: (compiler.misc.feature.switch.rules), 9, 14
SwitchStatementArrow.java:43:21: compiler.err.feature.not.supported.in.source.plural: (compiler.misc.feature.multiple.case.labels), 9, 14
2 errors
