T7177306e.java:16:8: compiler.err.cant.apply.symbol: kindname.method, m, java.util.List<U>, java.util.List<java.util.List<?>>, kindname.class, T7177306e, (compiler.misc.incompatible.eq.bounds: Z, compiler.misc.type.captureof: 1, ?,compiler.misc.type.captureof: 2, ?)
1 error
