ImportsObservable.java:10:8: compiler.err.doesnt.exist: javax
1 error
